Archive member included to satisfy reference by file (symbol)

../libopencm3//lib/libopencm3_stm32f4.a(gpio_common_all.o)
                              spi-mems.o (gpio_set)
../libopencm3//lib/libopencm3_stm32f4.a(gpio_common_f0234.o)
                              console.o (gpio_mode_setup)
../libopencm3//lib/libopencm3_stm32f4.a(rcc_common_all.o)
                              console.o (rcc_periph_clock_enable)
../libopencm3//lib/libopencm3_stm32f4.a(rcc.o)
                              clock.o (rcc_clock_setup_pll)
../libopencm3//lib/libopencm3_stm32f4.a(spi_common_all.o)
                              spi-mems.o (spi_send)
../libopencm3//lib/libopencm3_stm32f4.a(usart_common_all.o)
                              console.o (usart_set_baudrate)
../libopencm3//lib/libopencm3_stm32f4.a(usart_common_f124.o)
                              ../libopencm3//lib/libopencm3_stm32f4.a(usart_common_all.o) (usart_send)
../libopencm3//lib/libopencm3_stm32f4.a(vector.o)
                              (reset_handler)
../libopencm3//lib/libopencm3_stm32f4.a(systick.o)
                              clock.o (systick_set_reload)
../libopencm3//lib/libopencm3_stm32f4.a(scb.o)
                              console.o (scb_reset_system)
../libopencm3//lib/libopencm3_stm32f4.a(nvic.o)
                              console.o (nvic_enable_irq)
../libopencm3//lib/libopencm3_stm32f4.a(flash_common_all.o)
                              ../libopencm3//lib/libopencm3_stm32f4.a(rcc.o) (flash_set_ws)
../libopencm3//lib/libopencm3_stm32f4.a(flash_common_idcache.o)
                              ../libopencm3//lib/libopencm3_stm32f4.a(rcc.o) (flash_dcache_enable)
../libopencm3//lib/libopencm3_stm32f4.a(pwr.o)
                              ../libopencm3//lib/libopencm3_stm32f4.a(rcc.o) (pwr_set_vos_scale)

Discarded input sections

 .group         0x00000000        0xc clock.o
 .group         0x00000000        0xc clock.o
 .group         0x00000000        0xc clock.o
 .group         0x00000000        0xc clock.o
 .group         0x00000000        0xc clock.o
 .group         0x00000000        0xc clock.o
 .group         0x00000000        0xc clock.o
 .group         0x00000000        0xc clock.o
 .group         0x00000000        0xc clock.o
 .group         0x00000000        0xc clock.o
 .group         0x00000000        0xc clock.o
 .group         0x00000000        0xc clock.o
 .group         0x00000000        0xc clock.o
 .text          0x00000000        0x0 clock.o
 .data          0x00000000        0x0 clock.o
 .bss           0x00000000        0x0 clock.o
 .text.mtime    0x00000000        0xc clock.o
 .group         0x00000000        0xc console.o
 .group         0x00000000        0xc console.o
 .group         0x00000000        0xc console.o
 .group         0x00000000        0xc console.o
 .group         0x00000000        0xc console.o
 .group         0x00000000        0xc console.o
 .group         0x00000000        0xc console.o
 .group         0x00000000        0xc console.o
 .group         0x00000000        0xc console.o
 .group         0x00000000        0xc console.o
 .group         0x00000000        0xc console.o
 .group         0x00000000        0xc console.o
 .group         0x00000000        0xc console.o
 .group         0x00000000        0xc console.o
 .group         0x00000000        0xc console.o
 .group         0x00000000        0xc console.o
 .group         0x00000000        0xc console.o
 .group         0x00000000        0xc console.o
 .group         0x00000000        0xc console.o
 .group         0x00000000        0xc console.o
 .group         0x00000000        0xc console.o
 .group         0x00000000        0xc console.o
 .group         0x00000000        0xc console.o
 .group         0x00000000        0xc console.o
 .group         0x00000000        0xc console.o
 .group         0x00000000        0xc console.o
 .group         0x00000000        0xc console.o
 .group         0x00000000        0xc console.o
 .group         0x00000000        0xc console.o
 .text          0x00000000        0x0 console.o
 .data          0x00000000        0x0 console.o
 .bss           0x00000000        0x0 console.o
 .rodata.console_gets.str1.1
                0x00000000        0x4 console.o
 .text.console_gets
                0x00000000       0x50 console.o
 .debug_macro   0x00000000      0xad2 console.o
 .debug_macro   0x00000000      0x34e console.o
 .debug_macro   0x00000000       0x1c console.o
 .debug_macro   0x00000000       0x22 console.o
 .debug_macro   0x00000000       0xe8 console.o
 .debug_macro   0x00000000       0x76 console.o
 .debug_macro   0x00000000      0x280 console.o
 .debug_macro   0x00000000       0x8e console.o
 .debug_macro   0x00000000       0x46 console.o
 .debug_macro   0x00000000      0xcea console.o
 .debug_macro   0x00000000       0x6e console.o
 .debug_macro   0x00000000      0x22c console.o
 .group         0x00000000        0xc spi-mems.o
 .group         0x00000000        0xc spi-mems.o
[...]
Memory Configuration

Name             Origin             Length             Attributes
rom              0x08000000         0x00200000         xr
ccm              0x10000000         0x00010000         xrw
ram              0x20000000         0x00030000         xrw
*default*        0x00000000         0xffffffff

Linker script and memory map

LOAD clock.o
LOAD console.o
LOAD spi-mems.o
LOAD ../libopencm3//lib/libopencm3_stm32f4.a
START GROUP
LOAD /usr/lib/gcc/arm-none-eabi/13.2.1/../../../arm-none-eabi/lib/thumb/v7e-m+fp/hard/libc.a
LOAD /usr/lib/gcc/arm-none-eabi/13.2.1/thumb/v7e-m+fp/hard/libgcc.a
LOAD /usr/lib/gcc/arm-none-eabi/13.2.1/../../../arm-none-eabi/lib/thumb/v7e-m+fp/hard/libnosys.a
END GROUP
START GROUP
LOAD /usr/lib/gcc/arm-none-eabi/13.2.1/thumb/v7e-m+fp/hard/libgcc.a
LOAD /usr/lib/gcc/arm-none-eabi/13.2.1/../../../arm-none-eabi/lib/thumb/v7e-m+fp/hard/libg.a
LOAD /usr/lib/gcc/arm-none-eabi/13.2.1/../../../arm-none-eabi/lib/thumb/v7e-m+fp/hard/libc.a
END GROUP

.text           0x08000000      0xe14
 *(.vectors)
 .vectors       0x08000000      0x1ac ../libopencm3//lib/libopencm3_stm32f4.a(vector.o)
                0x08000000                vector_table
 *(.text*)
 .text.sys_tick_handler
                0x080001ac       0x10 clock.o
                0x080001ac                sys_tick_handler
 .text.msleep   0x080001bc       0x14 clock.o
                0x080001bc                msleep
 .text.clock_setup
                0x080001d0       0x28 clock.o
                0x080001d0                clock_setup
 .text.usart1_isr
                0x080001f8       0x54 console.o
                0x080001f8                usart1_isr
 .text.console_putc
                0x0800024c       0x12 console.o
                0x0800024c                console_putc
 *fill*         0x0800025e        0x2 
 .text.console_getc
                0x08000260       0x44 console.o
                0x08000260                console_getc
 .text.console_puts
                0x080002a4       0x1e console.o
                0x080002a4                console_puts
 *fill*         0x080002c2        0x2 
 .text.console_setup
                0x080002c4       0x80 console.o
                0x080002c4                console_setup
 .text.put_status
                0x08000344       0x88 spi-mems.o
                0x08000344                put_status
 .text.read_reg
                0x080003cc       0x50 spi-mems.o
                0x080003cc                read_reg
 .text.read_xyz
                0x0800041c       0x68 spi-mems.o
                0x0800041c                read_xyz
 .text.write_reg
                0x08000484       0x44 spi-mems.o
                0x08000484                write_reg
 .text.print_decimal
                0x080004c8       0x58 spi-mems.o
                0x080004c8                print_decimal
 .text.startup.main
                0x08000520      0x168 spi-mems.o
                0x08000520                main
 .text.gpio_set
                0x08000688        0x4 ../libopencm3//lib/libopencm3_stm32f4.a(gpio_common_all.o)
                0x08000688                gpio_set
 .text.gpio_clear
                0x0800068c        0x6 ../libopencm3//lib/libopencm3_stm32f4.a(gpio_common_all.o)
                0x0800068c                gpio_clear
 .text.gpio_mode_setup
                0x08000692       0x40 ../libopencm3//lib/libopencm3_stm32f4.a(gpio_common_f0234.o)
                0x08000692                gpio_mode_setup
 .text.gpio_set_output_options
                0x080006d2       0x36 ../libopencm3//lib/libopencm3_stm32f4.a(gpio_common_f0234.o)
                0x080006d2                gpio_set_output_options
 .text.gpio_set_af
                0x08000708       0x58 ../libopencm3//lib/libopencm3_stm32f4.a(gpio_common_f0234.o)
                0x08000708                gpio_set_af
 .text.rcc_periph_clock_enable
                0x08000760       0x1a ../libopencm3//lib/libopencm3_stm32f4.a(rcc_common_all.o)
                0x08000760                rcc_periph_clock_enable
 *fill*         0x0800077a        0x2 
 .text.rcc_is_osc_ready
                0x0800077c       0x64 ../libopencm3//lib/libopencm3_stm32f4.a(rcc.o)
                0x0800077c                rcc_is_osc_ready
 .text.rcc_wait_for_osc_ready
                0x080007e0       0x10 ../libopencm3//lib/libopencm3_stm32f4.a(rcc.o)
                0x080007e0                rcc_wait_for_osc_ready
 .text.rcc_osc_on
                0x080007f0       0x74 ../libopencm3//lib/libopencm3_stm32f4.a(rcc.o)
                0x080007f0                rcc_osc_on
 .text.rcc_osc_off
                0x08000864       0x74 ../libopencm3//lib/libopencm3_stm32f4.a(rcc.o)
                0x08000864                rcc_osc_off
 .text.rcc_set_sysclk_source
                0x080008d8       0x18 ../libopencm3//lib/libopencm3_stm32f4.a(rcc.o)
                0x080008d8                rcc_set_sysclk_source
 .text.rcc_set_ppre2
                0x080008f0       0x18 ../libopencm3//lib/libopencm3_stm32f4.a(rcc.o)
                0x080008f0                rcc_set_ppre2
 .text.rcc_set_ppre1
                0x08000908       0x18 ../libopencm3//lib/libopencm3_stm32f4.a(rcc.o)
                0x08000908                rcc_set_ppre1
 .text.rcc_set_hpre
                0x08000920       0x18 ../libopencm3//lib/libopencm3_stm32f4.a(rcc.o)
                0x08000920                rcc_set_hpre
 .text.rcc_set_main_pll_hsi
                0x08000938       0x44 ../libopencm3//lib/libopencm3_stm32f4.a(rcc.o)
                0x08000938                rcc_set_main_pll_hsi
 .text.rcc_set_main_pll_hse
                0x0800097c       0x44 ../libopencm3//lib/libopencm3_stm32f4.a(rcc.o)
                0x0800097c                rcc_set_main_pll_hse
 .text.rcc_clock_setup_pll
                0x080009c0       0xe4 ../libopencm3//lib/libopencm3_stm32f4.a(rcc.o)
                0x080009c0                rcc_clock_setup_pll
 .text.rcc_get_usart_clk_freq
                0x08000aa4       0x20 ../libopencm3//lib/libopencm3_stm32f4.a(rcc.o)
                0x08000aa4                rcc_get_usart_clk_freq
 .text.spi_send
                0x08000ac4        0xa ../libopencm3//lib/libopencm3_stm32f4.a(spi_common_all.o)
                0x08000ac4                spi_send
 .text.spi_read
                0x08000ace        0xc ../libopencm3//lib/libopencm3_stm32f4.a(spi_common_all.o)
                0x08000ace                spi_read
 .text.usart_set_baudrate
                0x08000ada       0x16 ../libopencm3//lib/libopencm3_stm32f4.a(usart_common_all.o)
                0x08000ada                usart_set_baudrate
 .text.usart_set_databits
                0x08000af0       0x12 ../libopencm3//lib/libopencm3_stm32f4.a(usart_common_all.o)
                0x08000af0                usart_set_databits
 .text.usart_set_stopbits
                0x08000b02        0xc ../libopencm3//lib/libopencm3_stm32f4.a(usart_common_all.o)
                0x08000b02                usart_set_stopbits
 .text.usart_set_parity
                0x08000b0e        0xc ../libopencm3//lib/libopencm3_stm32f4.a(usart_common_all.o)
                0x08000b0e                usart_set_parity
 .text.usart_set_mode
                0x08000b1a        0xc ../libopencm3//lib/libopencm3_stm32f4.a(usart_common_all.o)
                0x08000b1a                usart_set_mode
 .text.usart_set_flow_control
                0x08000b26        0xc ../libopencm3//lib/libopencm3_stm32f4.a(usart_common_all.o)
                0x08000b26                usart_set_flow_control
 .text.usart_enable
                0x08000b32        0xa ../libopencm3//lib/libopencm3_stm32f4.a(usart_common_all.o)
                0x08000b32                usart_enable
 .text.usart_enable_rx_interrupt
                0x08000b3c        0xa ../libopencm3//lib/libopencm3_stm32f4.a(usart_common_all.o)
                0x08000b3c                usart_enable_rx_interrupt
 .text.blocking_handler
                0x08000b46        0x2 ../libopencm3//lib/libopencm3_stm32f4.a(vector.o)
                0x08000b46                dma2_stream1_isr
                0x08000b46                tim8_brk_tim12_isr
                0x08000b46                dma1_stream7_isr
                0x08000b46                usart3_isr
                0x08000b46                tim7_isr
                0x08000b46                dma2d_isr
                0x08000b46                uart8_isr
                0x08000b46                dma1_stream2_isr
                0x08000b46                otg_hs_isr
                0x08000b46                blocking_handler
                0x08000b46                tim5_isr
                0x08000b46                rtc_wkup_isr
                0x08000b46                otg_fs_isr
                0x08000b46                spi1_isr
                0x08000b46                i2c3_er_isr
                0x08000b46                exti2_isr
                0x08000b46                spi5_isr
                0x08000b46                usb_fs_wkup_isr
                0x08000b46                tamp_stamp_isr
                0x08000b46                can1_rx1_isr
                0x08000b46                dma2_stream0_isr
                0x08000b46                i2c3_ev_isr
                0x08000b46                usage_fault_handler
                0x08000b46                can2_rx0_isr
                0x08000b46                dma1_stream6_isr
                0x08000b46                can2_rx1_isr
                0x08000b46                can1_sce_isr
                0x08000b46                tim1_cc_isr
                0x08000b46                can1_tx_isr
                0x08000b46                tim1_up_tim10_isr
                0x08000b46                sdio_isr
                0x08000b46                eth_isr
                0x08000b46                spi6_isr
                0x08000b46                dma2_stream5_isr
                0x08000b46                pvd_isr
                0x08000b46                can1_rx0_isr
                0x08000b46                rcc_isr
                0x08000b46                dma2_stream3_isr
                0x08000b46                flash_isr
                0x08000b46                uart4_isr
                0x08000b46                lcd_tft_isr
                0x08000b46                rtc_alarm_isr
                0x08000b46                exti15_10_isr
                0x08000b46                hash_rng_isr
                0x08000b46                tim1_trg_com_tim11_isr
                0x08000b46                hard_fault_handler
                0x08000b46                exti1_isr
                0x08000b46                i2c1_ev_isr
                0x08000b46                usart6_isr
                0x08000b46                spi2_isr
                0x08000b46                cryp_isr
                0x08000b46                nvic_wwdg_isr
                0x08000b46                dma1_stream1_isr
                0x08000b46                dma2_stream4_isr
                0x08000b46                exti3_isr
                0x08000b46                tim3_isr
                0x08000b46                usart2_isr
                0x08000b46                sai1_isr
                0x08000b46                fpu_isr
                0x08000b46                dma1_stream4_isr
                0x08000b46                i2c2_er_isr
                0x08000b46                i2c2_ev_isr
                0x08000b46                uart5_isr
                0x08000b46                dma2_stream6_isr
                0x08000b46                spi4_isr
                0x08000b46                adc_isr
                0x08000b46                dma2_stream7_isr
                0x08000b46                tim8_up_tim13_isr
                0x08000b46                fsmc_isr
                0x08000b46                exti4_isr
                0x08000b46                tim6_dac_isr
                0x08000b46                dma1_stream3_isr
                0x08000b46                tim8_trg_com_tim14_isr
                0x08000b46                mem_manage_handler
                0x08000b46                lcd_tft_err_isr
                0x08000b46                can2_tx_isr
                0x08000b46                exti9_5_isr
                0x08000b46                tim1_brk_tim9_isr
                0x08000b46                uart7_isr
                0x08000b46                can2_sce_isr
                0x08000b46                tim4_isr
                0x08000b46                otg_hs_wkup_isr
                0x08000b46                i2c1_er_isr
                0x08000b46                dma1_stream0_isr
                0x08000b46                tim8_cc_isr
                0x08000b46                dcmi_isr
                0x08000b46                dma2_stream2_isr
                0x08000b46                eth_wkup_isr
                0x08000b46                bus_fault_handler
                0x08000b46                otg_hs_ep1_out_isr
                0x08000b46                spi3_isr
                0x08000b46                dma1_stream5_isr
                0x08000b46                otg_hs_ep1_in_isr
                0x08000b46                tim2_isr
                0x08000b46                exti0_isr
 .text.null_handler
                0x08000b48        0x2 ../libopencm3//lib/libopencm3_stm32f4.a(vector.o)
                0x08000b48                null_handler
                0x08000b48                sv_call_handler
                0x08000b48                pend_sv_handler
                0x08000b48                debug_monitor_handler
                0x08000b48                nmi_handler
 *fill*         0x08000b4a        0x2 
 .text.reset_handler
                0x08000b4c       0xa0 ../libopencm3//lib/libopencm3_stm32f4.a(vector.o)
                0x08000b4c                reset_handler
 .text.systick_set_reload
                0x08000bec        0xc ../libopencm3//lib/libopencm3_stm32f4.a(systick.o)
                0x08000bec                systick_set_reload
 .text.systick_set_clocksource
                0x08000bf8       0x14 ../libopencm3//lib/libopencm3_stm32f4.a(systick.o)
                0x08000bf8                systick_set_clocksource
 .text.systick_interrupt_enable
                0x08000c0c        0xe ../libopencm3//lib/libopencm3_stm32f4.a(systick.o)
                0x08000c0c                systick_interrupt_enable
 .text.systick_counter_enable
                0x08000c1a        0xe ../libopencm3//lib/libopencm3_stm32f4.a(systick.o)
                0x08000c1a                systick_counter_enable
 .text.scb_reset_system
                0x08000c28       0x10 ../libopencm3//lib/libopencm3_stm32f4.a(scb.o)
                0x08000c28                scb_reset_system
 .text.nvic_enable_irq
                0x08000c38       0x18 ../libopencm3//lib/libopencm3_stm32f4.a(nvic.o)
                0x08000c38                nvic_enable_irq
 .text.flash_set_ws
                0x08000c50       0x18 ../libopencm3//lib/libopencm3_stm32f4.a(flash_common_all.o)
                0x08000c50                flash_set_ws
 .text.flash_dcache_enable
                0x08000c68       0x14 ../libopencm3//lib/libopencm3_stm32f4.a(flash_common_idcache.o)
                0x08000c68                flash_dcache_enable
 .text.flash_dcache_disable
                0x08000c7c       0x14 ../libopencm3//lib/libopencm3_stm32f4.a(flash_common_idcache.o)
                0x08000c7c                flash_dcache_disable
 .text.flash_icache_enable
                0x08000c90       0x14 ../libopencm3//lib/libopencm3_stm32f4.a(flash_common_idcache.o)
                0x08000c90                flash_icache_enable
 .text.flash_icache_disable
                0x08000ca4       0x14 ../libopencm3//lib/libopencm3_stm32f4.a(flash_common_idcache.o)
                0x08000ca4                flash_icache_disable
 .text.pwr_set_vos_scale
                0x08000cb8       0x10 ../libopencm3//lib/libopencm3_stm32f4.a(pwr.o)
                0x08000cb8                pwr_set_vos_scale
                0x08000cc8                        . = ALIGN (0x4)
 *(.rodata*)
 .rodata.put_status.str1.1
                0x08000cc8       0xdc spi-mems.o
                                 0x48 (size before relaxing)
 .rodata.main.str1.1
                0x08000da4       0x8c spi-mems.o
 .rodata.str1.1
                0x08000da4        0xc spi-mems.o
 .rodata.rcc_hse_8mhz_3v3
                0x08000da4       0x70 ../libopencm3//lib/libopencm3_stm32f4.a(rcc.o)
                0x08000da4                rcc_hse_8mhz_3v3
                0x08000e30                        . = ALIGN (0x4)

.glue_7         0x08000e14        0x0
 .glue_7        0x08000e14        0x0 linker stubs

.glue_7t        0x08000e14        0x0
 .glue_7t       0x08000e14        0x0 linker stubs

.vfp11_veneer   0x08000e14        0x0
 .vfp11_veneer  0x08000e14        0x0 linker stubs

.v4_bx          0x08000e14        0x0
 .v4_bx         0x08000e14        0x0 linker stubs

.iplt           0x08000e14        0x0
 .iplt          0x08000e14        0x0 clock.o

.rel.dyn        0x08000e14        0x0
 .rel.iplt      0x08000e14        0x0 clock.o

.preinit_array  0x08000e14        0x0
                0x08000e14                        . = ALIGN (0x4)
                0x08000e14                        __preinit_array_start = .
 *(.preinit_array)
                0x08000e14                        __preinit_array_end = .

.init_array     0x08000e14        0x0
                0x08000e14                        . = ALIGN (0x4)
                0x08000e14                        __init_array_start = .
 *(SORT_BY_NAME(.init_array.*))
 *(.init_array)
                0x08000e14                        __init_array_end = .

.fini_array     0x08000e14        0x0
                0x08000e14                        . = ALIGN (0x4)
                0x08000e14                        __fini_array_start = .
 *(.fini_array)
 *(SORT_BY_NAME(.fini_array.*))
                0x08000e14                        __fini_array_end = .

.ARM.extab
 *(.ARM.extab*)

.ARM.exidx      0x08000e14        0x0
                0x08000e14                        __exidx_start = .
 *(.ARM.exidx*)
                0x08000e14                        __exidx_end = .
                0x08000e14                        . = ALIGN (0x4)
                0x08000e14                        _etext = .

.noinit
 *(.noinit*)
                0x08000e14                        . = ALIGN (0x4)

.data           0x20000000       0x18 load address 0x08000e14
                0x20000000                        _data = .
 *(.data*)
 .data.axes     0x20000000        0xc spi-mems.o
                0x20000000                axes
 .data.rcc_apb2_frequency
                0x2000000c        0x4 ../libopencm3//lib/libopencm3_stm32f4.a(rcc.o)
                0x2000000c                rcc_apb2_frequency
 .data.rcc_apb1_frequency
                0x20000010        0x4 ../libopencm3//lib/libopencm3_stm32f4.a(rcc.o)
                0x20000010                rcc_apb1_frequency
 .data.rcc_ahb_frequency
                0x20000014        0x4 ../libopencm3//lib/libopencm3_stm32f4.a(rcc.o)
                0x20000014                rcc_ahb_frequency
 *(.ramtext*)
                0x20000018                        . = ALIGN (0x4)
                0x20000018                        _edata = .
                0x08000e14                        _data_loadaddr = LOADADDR (.data)

.igot.plt       0x20000018        0x0 load address 0x08000e2c
 .igot.plt      0x20000018        0x0 clock.o

.bss            0x20000018       0x8c load address 0x08000e2c
 *(.bss*)
 .bss.system_millis
                0x20000018        0x4 clock.o
 .bss.recv_ndx_cur
                0x2000001c        0x4 console.o
                0x2000001c                recv_ndx_cur
 .bss.recv_ndx_nxt
                0x20000020        0x4 console.o
                0x20000020                recv_ndx_nxt
 .bss.recv_buf  0x20000024       0x80 console.o
                0x20000024                recv_buf
 *(COMMON)
                0x200000a4                        . = ALIGN (0x4)
                0x200000a4                        _ebss = .

/DISCARD/
 *(.eh_frame)
                0x200000a4                        . = ALIGN (0x4)
                0x200000a4                        end = .
                0x20030000                        PROVIDE (_stack = (ORIGIN (ram) + LENGTH (ram)))
OUTPUT(spi-mems.elf elf32-littlearm)
LOAD linker stubs

.debug_info     0x00000000     0x4fe1
 .debug_info    0x00000000      0x2ea clock.o
 .debug_info    0x000002ea      0x99b console.o
 .debug_info    0x00000c85      0xe12 spi-mems.o
 .debug_info    0x00001a97      0x23a ../libopencm3//lib/libopencm3_stm32f4.a(gpio_common_all.o)
 .debug_info    0x00001cd1      0x1f4 ../libopencm3//lib/libopencm3_stm32f4.a(gpio_common_f0234.o)
 .debug_info    0x00001ec5      0x90b ../libopencm3//lib/libopencm3_stm32f4.a(rcc_common_all.o)
 .debug_info    0x000027d0      0xf7a ../libopencm3//lib/libopencm3_stm32f4.a(rcc.o)
 .debug_info    0x0000374a      0x792 ../libopencm3//lib/libopencm3_stm32f4.a(spi_common_all.o)
 .debug_info    0x00003edc      0x649 ../libopencm3//lib/libopencm3_stm32f4.a(usart_common_all.o)
 .debug_info    0x00004525      0x2cd ../libopencm3//lib/libopencm3_stm32f4.a(vector.o)
 .debug_info    0x000047f2      0x275 ../libopencm3//lib/libopencm3_stm32f4.a(systick.o)
 .debug_info    0x00004a67       0xcf ../libopencm3//lib/libopencm3_stm32f4.a(scb.o)
 .debug_info    0x00004b36      0x212 ../libopencm3//lib/libopencm3_stm32f4.a(nvic.o)
 .debug_info    0x00004d48       0xe5 ../libopencm3//lib/libopencm3_stm32f4.a(flash_common_all.o)
 .debug_info    0x00004e2d       0xdd ../libopencm3//lib/libopencm3_stm32f4.a(flash_common_idcache.o)
 .debug_info    0x00004f0a       0xd7 ../libopencm3//lib/libopencm3_stm32f4.a(pwr.o)

.debug_abbrev   0x00000000     0x1504
 .debug_abbrev  0x00000000      0x1c6 clock.o
 .debug_abbrev  0x000001c6      0x213 console.o
 .debug_abbrev  0x000003d9      0x234 spi-mems.o
 .debug_abbrev  0x0000060d      0x117 ../libopencm3//lib/libopencm3_stm32f4.a(gpio_common_all.o)
 .debug_abbrev  0x00000724       0xc3 ../libopencm3//lib/libopencm3_stm32f4.a(gpio_common_f0234.o)
 .debug_abbrev  0x000007e7      0x186 ../libopencm3//lib/libopencm3_stm32f4.a(rcc_common_all.o)
 .debug_abbrev  0x0000096d      0x2db ../libopencm3//lib/libopencm3_stm32f4.a(rcc.o)
 .debug_abbrev  0x00000c48      0x1a1 ../libopencm3//lib/libopencm3_stm32f4.a(spi_common_all.o)
 .debug_abbrev  0x00000de9      0x1ab ../libopencm3//lib/libopencm3_stm32f4.a(usart_common_all.o)
 .debug_abbrev  0x00000f94      0x15f ../libopencm3//lib/libopencm3_stm32f4.a(vector.o)
 .debug_abbrev  0x000010f3      0x14f ../libopencm3//lib/libopencm3_stm32f4.a(systick.o)
 .debug_abbrev  0x00001242       0x88 ../libopencm3//lib/libopencm3_stm32f4.a(scb.o)
 .debug_abbrev  0x000012ca       0xb7 ../libopencm3//lib/libopencm3_stm32f4.a(nvic.o)
 .debug_abbrev  0x00001381       0x96 ../libopencm3//lib/libopencm3_stm32f4.a(flash_common_all.o)
 .debug_abbrev  0x00001417       0x56 ../libopencm3//lib/libopencm3_stm32f4.a(flash_common_idcache.o)
 .debug_abbrev  0x0000146d       0x97 ../libopencm3//lib/libopencm3_stm32f4.a(pwr.o)

.debug_loclists
                0x00000000     0x1129
 .debug_loclists
                0x00000000       0x17 clock.o
 .debug_loclists
                0x00000017      0x120 console.o
 .debug_loclists
                0x00000137      0x265 spi-mems.o
 .debug_loclists
                0x0000039c       0x96 ../libopencm3//lib/libopencm3_stm32f4.a(gpio_common_all.o)
 .debug_loclists
                0x00000432       0xf9 ../libopencm3//lib/libopencm3_stm32f4.a(gpio_common_f0234.o)
 .debug_loclists
                0x0000052b       0x87 ../libopencm3//lib/libopencm3_stm32f4.a(rcc_common_all.o)
 .debug_loclists
                0x000005b2      0x52f ../libopencm3//lib/libopencm3_stm32f4.a(rcc.o)
 .debug_loclists
                0x00000ae1       0xfa ../libopencm3//lib/libopencm3_stm32f4.a(spi_common_all.o)
 .debug_loclists
                0x00000bdb      0x18e ../libopencm3//lib/libopencm3_stm32f4.a(usart_common_all.o)
 .debug_loclists
                0x00000d69       0xb6 ../libopencm3//lib/libopencm3_stm32f4.a(vector.o)
 .debug_loclists
                0x00000e1f      0x192 ../libopencm3//lib/libopencm3_stm32f4.a(systick.o)
 .debug_loclists
                0x00000fb1       0x29 ../libopencm3//lib/libopencm3_stm32f4.a(scb.o)
 .debug_loclists
                0x00000fda      0x111 ../libopencm3//lib/libopencm3_stm32f4.a(nvic.o)
 .debug_loclists
                0x000010eb       0x17 ../libopencm3//lib/libopencm3_stm32f4.a(flash_common_all.o)
 .debug_loclists
                0x00001102       0x27 ../libopencm3//lib/libopencm3_stm32f4.a(pwr.o)

.debug_aranges  0x00000000      0x710
 .debug_aranges
                0x00000000       0x38 clock.o
 .debug_aranges
                0x00000038       0x48 console.o
 .debug_aranges
                0x00000080       0x48 spi-mems.o
 .debug_aranges
                0x000000c8       0x50 ../libopencm3//lib/libopencm3_stm32f4.a(gpio_common_all.o)
 .debug_aranges
                0x00000118       0x30 ../libopencm3//lib/libopencm3_stm32f4.a(gpio_common_f0234.o)
 .debug_aranges
                0x00000148       0x80 ../libopencm3//lib/libopencm3_stm32f4.a(rcc_common_all.o)
 .debug_aranges
                0x000001c8      0x110 ../libopencm3//lib/libopencm3_stm32f4.a(rcc.o)
 .debug_aranges
                0x000002d8      0x170 ../libopencm3//lib/libopencm3_stm32f4.a(spi_common_all.o)
 .debug_aranges
                0x00000448       0xf0 ../libopencm3//lib/libopencm3_stm32f4.a(usart_common_all.o)
 .debug_aranges
                0x00000538       0x30 ../libopencm3//lib/libopencm3_stm32f4.a(vector.o)
 .debug_aranges
                0x00000568       0x78 ../libopencm3//lib/libopencm3_stm32f4.a(systick.o)
 .debug_aranges
                0x000005e0       0x30 ../libopencm3//lib/libopencm3_stm32f4.a(scb.o)
 .debug_aranges
                0x00000610       0x60 ../libopencm3//lib/libopencm3_stm32f4.a(nvic.o)
 .debug_aranges
                0x00000670       0x38 ../libopencm3//lib/libopencm3_stm32f4.a(flash_common_all.o)
 .debug_aranges
                0x000006a8       0x48 ../libopencm3//lib/libopencm3_stm32f4.a(flash_common_idcache.o)
 .debug_aranges
                0x000006f0       0x20 ../libopencm3//lib/libopencm3_stm32f4.a(pwr.o)

.debug_rnglists
                0x00000000      0x535
 .debug_rnglists
                0x00000000       0x25 clock.o
 .debug_rnglists
                0x00000025       0x32 console.o
 .debug_rnglists
                0x00000057       0x43 spi-mems.o
 .debug_rnglists
                0x0000009a       0x37 ../libopencm3//lib/libopencm3_stm32f4.a(gpio_common_all.o)
 .debug_rnglists
                0x000000d1       0x1f ../libopencm3//lib/libopencm3_stm32f4.a(gpio_common_f0234.o)
 .debug_rnglists
                0x000000f0       0x5b ../libopencm3//lib/libopencm3_stm32f4.a(rcc_common_all.o)
 .debug_rnglists
                0x0000014b       0xe0 ../libopencm3//lib/libopencm3_stm32f4.a(rcc.o)
 .debug_rnglists
                0x0000022b      0x10f ../libopencm3//lib/libopencm3_stm32f4.a(spi_common_all.o)
 .debug_rnglists
                0x0000033a       0xaf ../libopencm3//lib/libopencm3_stm32f4.a(usart_common_all.o)
 .debug_rnglists
                0x000003e9       0x20 ../libopencm3//lib/libopencm3_stm32f4.a(vector.o)
 .debug_rnglists
                0x00000409       0x61 ../libopencm3//lib/libopencm3_stm32f4.a(systick.o)
 .debug_rnglists
                0x0000046a       0x1f ../libopencm3//lib/libopencm3_stm32f4.a(scb.o)
 .debug_rnglists
                0x00000489       0x43 ../libopencm3//lib/libopencm3_stm32f4.a(nvic.o)
 .debug_rnglists
                0x000004cc       0x25 ../libopencm3//lib/libopencm3_stm32f4.a(flash_common_all.o)
 .debug_rnglists
                0x000004f1       0x31 ../libopencm3//lib/libopencm3_stm32f4.a(flash_common_idcache.o)
 .debug_rnglists
                0x00000522       0x13 ../libopencm3//lib/libopencm3_stm32f4.a(pwr.o)

.debug_macro    0x00000000     0x5ab7
 .debug_macro   0x00000000       0xc1 clock.o
 .debug_macro   0x000000c1      0xad2 clock.o
 .debug_macro   0x00000b93       0x1c clock.o
 .debug_macro   0x00000baf      0x34e clock.o
 .debug_macro   0x00000efd       0x22 clock.o
 .debug_macro   0x00000f1f       0xe8 clock.o
 .debug_macro   0x00001007       0x76 clock.o
 .debug_macro   0x0000107d      0x280 clock.o
 .debug_macro   0x000012fd       0x8e clock.o
 .debug_macro   0x0000138b       0x46 clock.o
 .debug_macro   0x000013d1      0xcea clock.o
 .debug_macro   0x000020bb       0x6e clock.o
 .debug_macro   0x00002129      0x22c clock.o
 .debug_macro   0x00002355       0x6f clock.o
 .debug_macro   0x000023c4      0x1b5 console.o
 .debug_macro   0x00002579       0x22 console.o
 .debug_macro   0x0000259b       0x60 console.o
 .debug_macro   0x000025fb       0x2a console.o
 .debug_macro   0x00002625       0x5c console.o
 .debug_macro   0x00002681       0x3c console.o
 .debug_macro   0x000026bd       0x34 console.o
 .debug_macro   0x000026f1       0x10 console.o
 .debug_macro   0x00002701       0x76 console.o
 .debug_macro   0x00002777      0x37e console.o
 .debug_macro   0x00002af5       0xca console.o
 .debug_macro   0x00002bbf       0x94 console.o
 .debug_macro   0x00002c53      0x29e console.o
 .debug_macro   0x00002ef1       0xa0 console.o
 .debug_macro   0x00002f91       0x70 console.o
 .debug_macro   0x00003001      0x458 console.o
 .debug_macro   0x00003459       0x1f console.o
 .debug_macro   0x00003478       0x16 console.o
 .debug_macro   0x0000348e       0xfe spi-mems.o
 .debug_macro   0x0000358c      0x2eb spi-mems.o
 .debug_macro   0x00003877       0x16 spi-mems.o
 .debug_macro   0x0000388d       0x22 spi-mems.o
 .debug_macro   0x000038af       0x88 ../libopencm3//lib/libopencm3_stm32f4.a(gpio_common_all.o)
 .debug_macro   0x00003937      0xacc ../libopencm3//lib/libopencm3_stm32f4.a(gpio_common_all.o)
 .debug_macro   0x00004403       0x88 ../libopencm3//lib/libopencm3_stm32f4.a(gpio_common_f0234.o)
 .debug_macro   0x0000448b       0xa7 ../libopencm3//lib/libopencm3_stm32f4.a(rcc_common_all.o)
 .debug_macro   0x00004532       0xdb ../libopencm3//lib/libopencm3_stm32f4.a(rcc.o)
 .debug_macro   0x0000460d       0x16 ../libopencm3//lib/libopencm3_stm32f4.a(rcc.o)
 .debug_macro   0x00004623       0x1c ../libopencm3//lib/libopencm3_stm32f4.a(rcc.o)
 .debug_macro   0x0000463f      0x143 ../libopencm3//lib/libopencm3_stm32f4.a(rcc.o)
 .debug_macro   0x00004782       0x10 ../libopencm3//lib/libopencm3_stm32f4.a(rcc.o)
 .debug_macro   0x00004792       0xb6 ../libopencm3//lib/libopencm3_stm32f4.a(spi_common_all.o)
 .debug_macro   0x00004848       0xc2 ../libopencm3//lib/libopencm3_stm32f4.a(usart_common_all.o)
 .debug_macro   0x0000490a       0x8a ../libopencm3//lib/libopencm3_stm32f4.a(vector.o)
 .debug_macro   0x00004994      0x452 ../libopencm3//lib/libopencm3_stm32f4.a(vector.o)
 .debug_macro   0x00004de6       0x49 ../libopencm3//lib/libopencm3_stm32f4.a(systick.o)
 .debug_macro   0x00004e2f       0x69 ../libopencm3//lib/libopencm3_stm32f4.a(systick.o)
 .debug_macro   0x00004e98      0x123 ../libopencm3//lib/libopencm3_stm32f4.a(scb.o)
 .debug_macro   0x00004fbb       0x16 ../libopencm3//lib/libopencm3_stm32f4.a(scb.o)
 .debug_macro   0x00004fd1      0x11c ../libopencm3//lib/libopencm3_stm32f4.a(scb.o)
 .debug_macro   0x000050ed       0x94 ../libopencm3//lib/libopencm3_stm32f4.a(scb.o)
 .debug_macro   0x00005181       0x57 ../libopencm3//lib/libopencm3_stm32f4.a(scb.o)
 .debug_macro   0x000051d8      0x38c ../libopencm3//lib/libopencm3_stm32f4.a(scb.o)
 .debug_macro   0x00005564       0x16 ../libopencm3//lib/libopencm3_stm32f4.a(scb.o)
 .debug_macro   0x0000557a       0x4a ../libopencm3//lib/libopencm3_stm32f4.a(scb.o)
 .debug_macro   0x000055c4       0x34 ../libopencm3//lib/libopencm3_stm32f4.a(scb.o)
 .debug_macro   0x000055f8       0x10 ../libopencm3//lib/libopencm3_stm32f4.a(scb.o)
 .debug_macro   0x00005608       0x52 ../libopencm3//lib/libopencm3_stm32f4.a(scb.o)
 .debug_macro   0x0000565a      0x1de ../libopencm3//lib/libopencm3_stm32f4.a(scb.o)
 .debug_macro   0x00005838       0x22 ../libopencm3//lib/libopencm3_stm32f4.a(scb.o)
 .debug_macro   0x0000585a       0x6a ../libopencm3//lib/libopencm3_stm32f4.a(nvic.o)
 .debug_macro   0x000058c4       0x68 ../libopencm3//lib/libopencm3_stm32f4.a(nvic.o)
 .debug_macro   0x0000592c       0x8e ../libopencm3//lib/libopencm3_stm32f4.a(flash_common_all.o)
 .debug_macro   0x000059ba       0x8e ../libopencm3//lib/libopencm3_stm32f4.a(flash_common_idcache.o)
 .debug_macro   0x00005a48       0x6f ../libopencm3//lib/libopencm3_stm32f4.a(pwr.o)

.debug_line     0x00000000     0x3e52
 .debug_line    0x00000000      0x27f clock.o
 .debug_line    0x0000027f      0x5ca console.o
 .debug_line    0x00000849      0x5b9 spi-mems.o
 .debug_line    0x00000e02      0x2a6 ../libopencm3//lib/libopencm3_stm32f4.a(gpio_common_all.o)
 .debug_line    0x000010a8      0x381 ../libopencm3//lib/libopencm3_stm32f4.a(gpio_common_f0234.o)
 .debug_line    0x00001429      0x344 ../libopencm3//lib/libopencm3_stm32f4.a(rcc_common_all.o)
 .debug_line    0x0000176d      0x9ad ../libopencm3//lib/libopencm3_stm32f4.a(rcc.o)
 .debug_line    0x0000211a      0x7a6 ../libopencm3//lib/libopencm3_stm32f4.a(spi_common_all.o)
 .debug_line    0x000028c0      0x580 ../libopencm3//lib/libopencm3_stm32f4.a(usart_common_all.o)
 .debug_line    0x00002e40      0x2da ../libopencm3//lib/libopencm3_stm32f4.a(vector.o)
 .debug_line    0x0000311a      0x26e ../libopencm3//lib/libopencm3_stm32f4.a(systick.o)
 .debug_line    0x00003388      0x223 ../libopencm3//lib/libopencm3_stm32f4.a(scb.o)
 .debug_line    0x000035ab      0x27f ../libopencm3//lib/libopencm3_stm32f4.a(nvic.o)
 .debug_line    0x0000382a      0x246 ../libopencm3//lib/libopencm3_stm32f4.a(flash_common_all.o)
 .debug_line    0x00003a70      0x25f ../libopencm3//lib/libopencm3_stm32f4.a(flash_common_idcache.o)
 .debug_line    0x00003ccf      0x183 ../libopencm3//lib/libopencm3_stm32f4.a(pwr.o)

.debug_str      0x00000000    0x1455b
 .debug_str     0x00000000    0x1455b clock.o
                               0x9a3d (size before relaxing)
 .debug_str     0x0001455b     0xe08e console.o
 .debug_str     0x0001455b     0xb5c4 spi-mems.o
 .debug_str     0x0001455b     0x62f8 ../libopencm3//lib/libopencm3_stm32f4.a(gpio_common_all.o)
 .debug_str     0x0001455b     0x6310 ../libopencm3//lib/libopencm3_stm32f4.a(gpio_common_f0234.o)
 .debug_str     0x0001455b     0x96ad ../libopencm3//lib/libopencm3_stm32f4.a(rcc_common_all.o)
 .debug_str     0x0001455b     0x9f22 ../libopencm3//lib/libopencm3_stm32f4.a(rcc.o)
 .debug_str     0x0001455b     0x9e6b ../libopencm3//lib/libopencm3_stm32f4.a(spi_common_all.o)
 .debug_str     0x0001455b     0xa179 ../libopencm3//lib/libopencm3_stm32f4.a(usart_common_all.o)
 .debug_str     0x0001455b     0x6bb8 ../libopencm3//lib/libopencm3_stm32f4.a(vector.o)
 .debug_str     0x0001455b     0x4211 ../libopencm3//lib/libopencm3_stm32f4.a(systick.o)
 .debug_str     0x0001455b     0x848c ../libopencm3//lib/libopencm3_stm32f4.a(scb.o)
 .debug_str     0x0001455b     0x5e23 ../libopencm3//lib/libopencm3_stm32f4.a(nvic.o)
 .debug_str     0x0001455b     0x565a ../libopencm3//lib/libopencm3_stm32f4.a(flash_common_all.o)
 .debug_str     0x0001455b     0x567c ../libopencm3//lib/libopencm3_stm32f4.a(flash_common_idcache.o)
 .debug_str     0x0001455b     0x52d6 ../libopencm3//lib/libopencm3_stm32f4.a(pwr.o)

.comment        0x00000000       0x26
 .comment       0x00000000       0x26 clock.o
                                 0x27 (size before relaxing)
 .comment       0x00000026       0x27 console.o
 .comment       0x00000026       0x27 spi-mems.o
 .comment       0x00000026       0x27 ../libopencm3//lib/libopencm3_stm32f4.a(gpio_common_all.o)
 .comment       0x00000026       0x27 ../libopencm3//lib/libopencm3_stm32f4.a(gpio_common_f0234.o)
 .comment       0x00000026       0x27 ../libopencm3//lib/libopencm3_stm32f4.a(rcc_common_all.o)
 .comment       0x00000026       0x27 ../libopencm3//lib/libopencm3_stm32f4.a(rcc.o)
 .comment       0x00000026       0x27 ../libopencm3//lib/libopencm3_stm32f4.a(spi_common_all.o)
 .comment       0x00000026       0x27 ../libopencm3//lib/libopencm3_stm32f4.a(usart_common_all.o)
 .comment       0x00000026       0x27 ../libopencm3//lib/libopencm3_stm32f4.a(vector.o)
 .comment       0x00000026       0x27 ../libopencm3//lib/libopencm3_stm32f4.a(systick.o)
 .comment       0x00000026       0x27 ../libopencm3//lib/libopencm3_stm32f4.a(scb.o)
 .comment       0x00000026       0x27 ../libopencm3//lib/libopencm3_stm32f4.a(nvic.o)
 .comment       0x00000026       0x27 ../libopencm3//lib/libopencm3_stm32f4.a(flash_common_all.o)
 .comment       0x00000026       0x27 ../libopencm3//lib/libopencm3_stm32f4.a(flash_common_idcache.o)
 .comment       0x00000026       0x27 ../libopencm3//lib/libopencm3_stm32f4.a(pwr.o)

.ARM.attributes
                0x00000000       0x34
 .ARM.attributes
                0x00000000       0x34 clock.o
 .ARM.attributes
                0x00000034       0x34 console.o
 .ARM.attributes
                0x00000068       0x34 spi-mems.o
 .ARM.attributes
                0x0000009c       0x34 ../libopencm3//lib/libopencm3_stm32f4.a(gpio_common_all.o)
 .ARM.attributes
                0x000000d0       0x34 ../libopencm3//lib/libopencm3_stm32f4.a(gpio_common_f0234.o)
 .ARM.attributes
                0x00000104       0x34 ../libopencm3//lib/libopencm3_stm32f4.a(rcc_common_all.o)
 .ARM.attributes
                0x00000138       0x34 ../libopencm3//lib/libopencm3_stm32f4.a(rcc.o)
 .ARM.attributes
                0x0000016c       0x34 ../libopencm3//lib/libopencm3_stm32f4.a(spi_common_all.o)
 .ARM.attributes
                0x000001a0       0x34 ../libopencm3//lib/libopencm3_stm32f4.a(usart_common_all.o)
 .ARM.attributes
                0x000001d4       0x34 ../libopencm3//lib/libopencm3_stm32f4.a(vector.o)
 .ARM.attributes
                0x00000208       0x34 ../libopencm3//lib/libopencm3_stm32f4.a(systick.o)
 .ARM.attributes
                0x0000023c       0x34 ../libopencm3//lib/libopencm3_stm32f4.a(scb.o)
 .ARM.attributes
                0x00000270       0x34 ../libopencm3//lib/libopencm3_stm32f4.a(nvic.o)
 .ARM.attributes
                0x000002a4       0x34 ../libopencm3//lib/libopencm3_stm32f4.a(flash_common_all.o)
 .ARM.attributes
                0x000002d8       0x34 ../libopencm3//lib/libopencm3_stm32f4.a(flash_common_idcache.o)
 .ARM.attributes
                0x0000030c       0x34 ../libopencm3//lib/libopencm3_stm32f4.a(pwr.o)

.debug_frame    0x00000000      0xd74
 .debug_frame   0x00000000       0x5c clock.o
 .debug_frame   0x0000005c       0xa8 console.o
 .debug_frame   0x00000104       0xdc spi-mems.o
 .debug_frame   0x000001e0       0x80 ../libopencm3//lib/libopencm3_stm32f4.a(gpio_common_all.o)
 .debug_frame   0x00000260       0x70 ../libopencm3//lib/libopencm3_stm32f4.a(gpio_common_f0234.o)
 .debug_frame   0x000002d0       0xe0 ../libopencm3//lib/libopencm3_stm32f4.a(rcc_common_all.o)
 .debug_frame   0x000003b0      0x234 ../libopencm3//lib/libopencm3_stm32f4.a(rcc.o)
 .debug_frame   0x000005e4      0x2c0 ../libopencm3//lib/libopencm3_stm32f4.a(spi_common_all.o)
 .debug_frame   0x000008a4      0x1ec ../libopencm3//lib/libopencm3_stm32f4.a(usart_common_all.o)
 .debug_frame   0x00000a90       0x4c ../libopencm3//lib/libopencm3_stm32f4.a(vector.o)
 .debug_frame   0x00000adc       0xd8 ../libopencm3//lib/libopencm3_stm32f4.a(systick.o)
 .debug_frame   0x00000bb4       0x40 ../libopencm3//lib/libopencm3_stm32f4.a(scb.o)
 .debug_frame   0x00000bf4       0xa0 ../libopencm3//lib/libopencm3_stm32f4.a(nvic.o)
 .debug_frame   0x00000c94       0x50 ../libopencm3//lib/libopencm3_stm32f4.a(flash_common_all.o)
 .debug_frame   0x00000ce4       0x70 ../libopencm3//lib/libopencm3_stm32f4.a(flash_common_idcache.o)
 .debug_frame   0x00000d54       0x20 ../libopencm3//lib/libopencm3_stm32f4.a(pwr.o)

Cross Reference Table

Symbol                                            File
__fini_array_end                                  ../libopencm3//lib/libopencm3_stm32f4.a(vector.o)
__fini_array_start                                ../libopencm3//lib/libopencm3_stm32f4.a(vector.o)
__init_array_end                                  ../libopencm3//lib/libopencm3_stm32f4.a(vector.o)
__init_array_start                                ../libopencm3//lib/libopencm3_stm32f4.a(vector.o)
__preinit_array_end                               ../libopencm3//lib/libopencm3_stm32f4.a(vector.o)
__preinit_array_start                             ../libopencm3//lib/libopencm3_stm32f4.a(vector.o)
_data                                             ../libopencm3//lib/libopencm3_stm32f4.a(vector.o)
_data_loadaddr                                    ../libopencm3//lib/libopencm3_stm32f4.a(vector.o)
_ebss                                             ../libopencm3//lib/libopencm3_stm32f4.a(vector.o)
_edata                                            ../libopencm3//lib/libopencm3_stm32f4.a(vector.o)
_stack                                            ../libopencm3//lib/libopencm3_stm32f4.a(vector.o)
adc_isr                                           ../libopencm3//lib/libopencm3_stm32f4.a(vector.o)
axes                                              spi-mems.o
blocking_handler                                  ../libopencm3//lib/libopencm3_stm32f4.a(vector.o)
bus_fault_handler                                 ../libopencm3//lib/libopencm3_stm32f4.a(vector.o)
can1_rx0_isr                                      ../libopencm3//lib/libopencm3_stm32f4.a(vector.o)
can1_rx1_isr                                      ../libopencm3//lib/libopencm3_stm32f4.a(vector.o)
can1_sce_isr                                      ../libopencm3//lib/libopencm3_stm32f4.a(vector.o)
can1_tx_isr                                       ../libopencm3//lib/libopencm3_stm32f4.a(vector.o)
can2_rx0_isr                                      ../libopencm3//lib/libopencm3_stm32f4.a(vector.o)
can2_rx1_isr                                      ../libopencm3//lib/libopencm3_stm32f4.a(vector.o)
can2_sce_isr                                      ../libopencm3//lib/libopencm3_stm32f4.a(vector.o)
can2_tx_isr                                       ../libopencm3//lib/libopencm3_stm32f4.a(vector.o)
clock_setup                                       clock.o
                                                  spi-mems.o
console_getc                                      console.o
                                                  spi-mems.o
console_gets                                      console.o
console_putc                                      console.o
                                                  spi-mems.o
console_puts                                      console.o
                                                  spi-mems.o
console_setup                                     console.o
                                                  spi-mems.o
cryp_isr                                          ../libopencm3//lib/libopencm3_stm32f4.a(vector.o)
dcmi_isr                                          ../libopencm3//lib/libopencm3_stm32f4.a(vector.o)
debug_monitor_handler                             ../libopencm3//lib/libopencm3_stm32f4.a(vector.o)
dma1_stream0_isr                                  ../libopencm3//lib/libopencm3_stm32f4.a(vector.o)
dma1_stream1_isr                                  ../libopencm3//lib/libopencm3_stm32f4.a(vector.o)
dma1_stream2_isr                                  ../libopencm3//lib/libopencm3_stm32f4.a(vector.o)
dma1_stream3_isr                                  ../libopencm3//lib/libopencm3_stm32f4.a(vector.o)
dma1_stream4_isr                                  ../libopencm3//lib/libopencm3_stm32f4.a(vector.o)
dma1_stream5_isr                                  ../libopencm3//lib/libopencm3_stm32f4.a(vector.o)
dma1_stream6_isr                                  ../libopencm3//lib/libopencm3_stm32f4.a(vector.o)
dma1_stream7_isr                                  ../libopencm3//lib/libopencm3_stm32f4.a(vector.o)
dma2_stream0_isr                                  ../libopencm3//lib/libopencm3_stm32f4.a(vector.o)
dma2_stream1_isr                                  ../libopencm3//lib/libopencm3_stm32f4.a(vector.o)
dma2_stream2_isr                                  ../libopencm3//lib/libopencm3_stm32f4.a(vector.o)
dma2_stream3_isr                                  ../libopencm3//lib/libopencm3_stm32f4.a(vector.o)
dma2_stream4_isr                                  ../libopencm3//lib/libopencm3_stm32f4.a(vector.o)
dma2_stream5_isr                                  ../libopencm3//lib/libopencm3_stm32f4.a(vector.o)
dma2_stream6_isr                                  ../libopencm3//lib/libopencm3_stm32f4.a(vector.o)
dma2_stream7_isr                                  ../libopencm3//lib/libopencm3_stm32f4.a(vector.o)
dma2d_isr                                         ../libopencm3//lib/libopencm3_stm32f4.a(vector.o)
eth_isr                                           ../libopencm3//lib/libopencm3_stm32f4.a(vector.o)
eth_wkup_isr                                      ../libopencm3//lib/libopencm3_stm32f4.a(vector.o)
exti0_isr                                         ../libopencm3//lib/libopencm3_stm32f4.a(vector.o)
exti15_10_isr                                     ../libopencm3//lib/libopencm3_stm32f4.a(vector.o)
exti1_isr                                         ../libopencm3//lib/libopencm3_stm32f4.a(vector.o)
exti2_isr                                         ../libopencm3//lib/libopencm3_stm32f4.a(vector.o)
exti3_isr                                         ../libopencm3//lib/libopencm3_stm32f4.a(vector.o)
exti4_isr                                         ../libopencm3//lib/libopencm3_stm32f4.a(vector.o)
exti9_5_isr                                       ../libopencm3//lib/libopencm3_stm32f4.a(vector.o)
flash_dcache_disable                              ../libopencm3//lib/libopencm3_stm32f4.a(flash_common_idcache.o)
                                                  ../libopencm3//lib/libopencm3_stm32f4.a(rcc.o)
flash_dcache_enable                               ../libopencm3//lib/libopencm3_stm32f4.a(flash_common_idcache.o)
                                                  ../libopencm3//lib/libopencm3_stm32f4.a(rcc.o)
flash_dcache_reset                                ../libopencm3//lib/libopencm3_stm32f4.a(flash_common_idcache.o)
flash_icache_disable                              ../libopencm3//lib/libopencm3_stm32f4.a(flash_common_idcache.o)
                                                  ../libopencm3//lib/libopencm3_stm32f4.a(rcc.o)
flash_icache_enable                               ../libopencm3//lib/libopencm3_stm32f4.a(flash_common_idcache.o)
                                                  ../libopencm3//lib/libopencm3_stm32f4.a(rcc.o)
flash_icache_reset                                ../libopencm3//lib/libopencm3_stm32f4.a(flash_common_idcache.o)
flash_isr                                         ../libopencm3//lib/libopencm3_stm32f4.a(vector.o)
flash_prefetch_disable                            ../libopencm3//lib/libopencm3_stm32f4.a(flash_common_all.o)
flash_prefetch_enable                             ../libopencm3//lib/libopencm3_stm32f4.a(flash_common_all.o)
flash_set_ws                                      ../libopencm3//lib/libopencm3_stm32f4.a(flash_common_all.o)
                                                  ../libopencm3//lib/libopencm3_stm32f4.a(rcc.o)
flash_unlock_option_bytes                         ../libopencm3//lib/libopencm3_stm32f4.a(flash_common_all.o)
fpu_isr                                           ../libopencm3//lib/libopencm3_stm32f4.a(vector.o)
fsmc_isr                                          ../libopencm3//lib/libopencm3_stm32f4.a(vector.o)
gpio_clear                                        ../libopencm3//lib/libopencm3_stm32f4.a(gpio_common_all.o)
                                                  spi-mems.o
gpio_get                                          ../libopencm3//lib/libopencm3_stm32f4.a(gpio_common_all.o)
gpio_mode_setup                                   ../libopencm3//lib/libopencm3_stm32f4.a(gpio_common_f0234.o)
                                                  spi-mems.o
                                                  console.o
gpio_port_config_lock                             ../libopencm3//lib/libopencm3_stm32f4.a(gpio_common_all.o)
gpio_port_read                                    ../libopencm3//lib/libopencm3_stm32f4.a(gpio_common_all.o)
gpio_port_write                                   ../libopencm3//lib/libopencm3_stm32f4.a(gpio_common_all.o)
gpio_set                                          ../libopencm3//lib/libopencm3_stm32f4.a(gpio_common_all.o)
                                                  spi-mems.o
gpio_set_af                                       ../libopencm3//lib/libopencm3_stm32f4.a(gpio_common_f0234.o)
                                                  spi-mems.o
                                                  console.o
gpio_set_output_options                           ../libopencm3//lib/libopencm3_stm32f4.a(gpio_common_f0234.o)
                                                  spi-mems.o
gpio_toggle                                       ../libopencm3//lib/libopencm3_stm32f4.a(gpio_common_all.o)
hard_fault_handler                                ../libopencm3//lib/libopencm3_stm32f4.a(vector.o)
hash_rng_isr                                      ../libopencm3//lib/libopencm3_stm32f4.a(vector.o)
i2c1_er_isr                                       ../libopencm3//lib/libopencm3_stm32f4.a(vector.o)
i2c1_ev_isr                                       ../libopencm3//lib/libopencm3_stm32f4.a(vector.o)
i2c2_er_isr                                       ../libopencm3//lib/libopencm3_stm32f4.a(vector.o)
i2c2_ev_isr                                       ../libopencm3//lib/libopencm3_stm32f4.a(vector.o)
i2c3_er_isr                                       ../libopencm3//lib/libopencm3_stm32f4.a(vector.o)
i2c3_ev_isr                                       ../libopencm3//lib/libopencm3_stm32f4.a(vector.o)
lcd_tft_err_isr                                   ../libopencm3//lib/libopencm3_stm32f4.a(vector.o)
lcd_tft_isr                                       ../libopencm3//lib/libopencm3_stm32f4.a(vector.o)
main                                              spi-mems.o
                                                  ../libopencm3//lib/libopencm3_stm32f4.a(vector.o)
mem_manage_handler                                ../libopencm3//lib/libopencm3_stm32f4.a(vector.o)
msleep                                            clock.o
                                                  spi-mems.o
mtime                                             clock.o
nmi_handler                                       ../libopencm3//lib/libopencm3_stm32f4.a(vector.o)
null_handler                                      ../libopencm3//lib/libopencm3_stm32f4.a(vector.o)
nvic_clear_pending_irq                            ../libopencm3//lib/libopencm3_stm32f4.a(nvic.o)
nvic_disable_irq                                  ../libopencm3//lib/libopencm3_stm32f4.a(nvic.o)
nvic_enable_irq                                   ../libopencm3//lib/libopencm3_stm32f4.a(nvic.o)
                                                  console.o
nvic_generate_software_interrupt                  ../libopencm3//lib/libopencm3_stm32f4.a(nvic.o)
nvic_get_active_irq                               ../libopencm3//lib/libopencm3_stm32f4.a(nvic.o)
nvic_get_irq_enabled                              ../libopencm3//lib/libopencm3_stm32f4.a(nvic.o)
nvic_get_pending_irq                              ../libopencm3//lib/libopencm3_stm32f4.a(nvic.o)
nvic_set_pending_irq                              ../libopencm3//lib/libopencm3_stm32f4.a(nvic.o)
nvic_set_priority                                 ../libopencm3//lib/libopencm3_stm32f4.a(nvic.o)
nvic_wwdg_isr                                     ../libopencm3//lib/libopencm3_stm32f4.a(vector.o)
otg_fs_isr                                        ../libopencm3//lib/libopencm3_stm32f4.a(vector.o)
otg_hs_ep1_in_isr                                 ../libopencm3//lib/libopencm3_stm32f4.a(vector.o)
otg_hs_ep1_out_isr                                ../libopencm3//lib/libopencm3_stm32f4.a(vector.o)
otg_hs_isr                                        ../libopencm3//lib/libopencm3_stm32f4.a(vector.o)
otg_hs_wkup_isr                                   ../libopencm3//lib/libopencm3_stm32f4.a(vector.o)
pend_sv_handler                                   ../libopencm3//lib/libopencm3_stm32f4.a(vector.o)
print_decimal                                     spi-mems.o
put_status                                        spi-mems.o
pvd_isr                                           ../libopencm3//lib/libopencm3_stm32f4.a(vector.o)
pwr_set_vos_scale                                 ../libopencm3//lib/libopencm3_stm32f4.a(pwr.o)
                                                  ../libopencm3//lib/libopencm3_stm32f4.a(rcc.o)
rcc_ahb_frequency                                 ../libopencm3//lib/libopencm3_stm32f4.a(rcc.o)
rcc_apb1_frequency                                ../libopencm3//lib/libopencm3_stm32f4.a(rcc.o)
rcc_apb2_frequency                                ../libopencm3//lib/libopencm3_stm32f4.a(rcc.o)
rcc_clock_setup_hse_3v3                           ../libopencm3//lib/libopencm3_stm32f4.a(rcc.o)
rcc_clock_setup_pll                               ../libopencm3//lib/libopencm3_stm32f4.a(rcc.o)
                                                  clock.o
rcc_css_disable                                   ../libopencm3//lib/libopencm3_stm32f4.a(rcc.o)
rcc_css_enable                                    ../libopencm3//lib/libopencm3_stm32f4.a(rcc.o)
rcc_css_int_clear                                 ../libopencm3//lib/libopencm3_stm32f4.a(rcc.o)
rcc_css_int_flag                                  ../libopencm3//lib/libopencm3_stm32f4.a(rcc.o)
rcc_get_div_from_hpre                             ../libopencm3//lib/libopencm3_stm32f4.a(rcc_common_all.o)
rcc_get_i2c_clk_freq                              ../libopencm3//lib/libopencm3_stm32f4.a(rcc.o)
rcc_get_spi_clk_freq                              ../libopencm3//lib/libopencm3_stm32f4.a(rcc.o)
rcc_get_timer_clk_freq                            ../libopencm3//lib/libopencm3_stm32f4.a(rcc.o)
rcc_get_usart_clk_freq                            ../libopencm3//lib/libopencm3_stm32f4.a(rcc.o)
                                                  ../libopencm3//lib/libopencm3_stm32f4.a(usart_common_all.o)
rcc_hse_12mhz_3v3                                 ../libopencm3//lib/libopencm3_stm32f4.a(rcc.o)
rcc_hse_16mhz_3v3                                 ../libopencm3//lib/libopencm3_stm32f4.a(rcc.o)
rcc_hse_25mhz_3v3                                 ../libopencm3//lib/libopencm3_stm32f4.a(rcc.o)
rcc_hse_8mhz_3v3                                  ../libopencm3//lib/libopencm3_stm32f4.a(rcc.o)
                                                  clock.o
rcc_hsi_configs                                   ../libopencm3//lib/libopencm3_stm32f4.a(rcc.o)
rcc_is_osc_ready                                  ../libopencm3//lib/libopencm3_stm32f4.a(rcc.o)
rcc_isr                                           ../libopencm3//lib/libopencm3_stm32f4.a(vector.o)
rcc_osc_bypass_disable                            ../libopencm3//lib/libopencm3_stm32f4.a(rcc_common_all.o)
rcc_osc_bypass_enable                             ../libopencm3//lib/libopencm3_stm32f4.a(rcc_common_all.o)
rcc_osc_off                                       ../libopencm3//lib/libopencm3_stm32f4.a(rcc.o)
rcc_osc_on                                        ../libopencm3//lib/libopencm3_stm32f4.a(rcc.o)
rcc_osc_ready_int_clear                           ../libopencm3//lib/libopencm3_stm32f4.a(rcc.o)
rcc_osc_ready_int_disable                         ../libopencm3//lib/libopencm3_stm32f4.a(rcc.o)
rcc_osc_ready_int_enable                          ../libopencm3//lib/libopencm3_stm32f4.a(rcc.o)
rcc_osc_ready_int_flag                            ../libopencm3//lib/libopencm3_stm32f4.a(rcc.o)
rcc_periph_clock_disable                          ../libopencm3//lib/libopencm3_stm32f4.a(rcc_common_all.o)
rcc_periph_clock_enable                           ../libopencm3//lib/libopencm3_stm32f4.a(rcc_common_all.o)
                                                  ../libopencm3//lib/libopencm3_stm32f4.a(rcc.o)
                                                  spi-mems.o
                                                  console.o
rcc_periph_reset_hold                             ../libopencm3//lib/libopencm3_stm32f4.a(rcc_common_all.o)
rcc_periph_reset_pulse                            ../libopencm3//lib/libopencm3_stm32f4.a(rcc_common_all.o)
rcc_periph_reset_release                          ../libopencm3//lib/libopencm3_stm32f4.a(rcc_common_all.o)
rcc_peripheral_clear_reset                        ../libopencm3//lib/libopencm3_stm32f4.a(rcc_common_all.o)
rcc_peripheral_disable_clock                      ../libopencm3//lib/libopencm3_stm32f4.a(rcc_common_all.o)
rcc_peripheral_enable_clock                       ../libopencm3//lib/libopencm3_stm32f4.a(rcc_common_all.o)
rcc_peripheral_reset                              ../libopencm3//lib/libopencm3_stm32f4.a(rcc_common_all.o)
rcc_plli2s_config                                 ../libopencm3//lib/libopencm3_stm32f4.a(rcc.o)
rcc_pllsai_config                                 ../libopencm3//lib/libopencm3_stm32f4.a(rcc.o)
rcc_pllsai_postscalers                            ../libopencm3//lib/libopencm3_stm32f4.a(rcc.o)
rcc_set_hpre                                      ../libopencm3//lib/libopencm3_stm32f4.a(rcc.o)
rcc_set_main_pll_hse                              ../libopencm3//lib/libopencm3_stm32f4.a(rcc.o)
rcc_set_main_pll_hsi                              ../libopencm3//lib/libopencm3_stm32f4.a(rcc.o)
rcc_set_mco                                       ../libopencm3//lib/libopencm3_stm32f4.a(rcc_common_all.o)
rcc_set_pll_source                                ../libopencm3//lib/libopencm3_stm32f4.a(rcc.o)
rcc_set_ppre1                                     ../libopencm3//lib/libopencm3_stm32f4.a(rcc.o)
rcc_set_ppre2                                     ../libopencm3//lib/libopencm3_stm32f4.a(rcc.o)
rcc_set_rtcpre                                    ../libopencm3//lib/libopencm3_stm32f4.a(rcc.o)
rcc_set_sysclk_source                             ../libopencm3//lib/libopencm3_stm32f4.a(rcc.o)
rcc_system_clock_source                           ../libopencm3//lib/libopencm3_stm32f4.a(rcc.o)
rcc_wait_for_osc_ready                            ../libopencm3//lib/libopencm3_stm32f4.a(rcc.o)
rcc_wait_for_sysclk_status                        ../libopencm3//lib/libopencm3_stm32f4.a(rcc.o)
read_reg                                          spi-mems.o
read_xyz                                          spi-mems.o
recv_buf                                          console.o
recv_ndx_cur                                      console.o
recv_ndx_nxt                                      console.o
reset_handler                                     ../libopencm3//lib/libopencm3_stm32f4.a(vector.o)
rtc_alarm_isr                                     ../libopencm3//lib/libopencm3_stm32f4.a(vector.o)
rtc_wkup_isr                                      ../libopencm3//lib/libopencm3_stm32f4.a(vector.o)
sai1_isr                                          ../libopencm3//lib/libopencm3_stm32f4.a(vector.o)
scb_reset_core                                    ../libopencm3//lib/libopencm3_stm32f4.a(scb.o)
scb_reset_system                                  ../libopencm3//lib/libopencm3_stm32f4.a(scb.o)
                                                  console.o
scb_set_priority_grouping                         ../libopencm3//lib/libopencm3_stm32f4.a(scb.o)
sdio_isr                                          ../libopencm3//lib/libopencm3_stm32f4.a(vector.o)
spi1_isr                                          ../libopencm3//lib/libopencm3_stm32f4.a(vector.o)
spi2_isr                                          ../libopencm3//lib/libopencm3_stm32f4.a(vector.o)
spi3_isr                                          ../libopencm3//lib/libopencm3_stm32f4.a(vector.o)
spi4_isr                                          ../libopencm3//lib/libopencm3_stm32f4.a(vector.o)
spi5_isr                                          ../libopencm3//lib/libopencm3_stm32f4.a(vector.o)
spi6_isr                                          ../libopencm3//lib/libopencm3_stm32f4.a(vector.o)
spi_clean_disable                                 ../libopencm3//lib/libopencm3_stm32f4.a(spi_common_all.o)
spi_disable                                       ../libopencm3//lib/libopencm3_stm32f4.a(spi_common_all.o)
spi_disable_crc                                   ../libopencm3//lib/libopencm3_stm32f4.a(spi_common_all.o)
spi_disable_error_interrupt                       ../libopencm3//lib/libopencm3_stm32f4.a(spi_common_all.o)
spi_disable_rx_buffer_not_empty_interrupt         ../libopencm3//lib/libopencm3_stm32f4.a(spi_common_all.o)
spi_disable_rx_dma                                ../libopencm3//lib/libopencm3_stm32f4.a(spi_common_all.o)
spi_disable_software_slave_management             ../libopencm3//lib/libopencm3_stm32f4.a(spi_common_all.o)
spi_disable_ss_output                             ../libopencm3//lib/libopencm3_stm32f4.a(spi_common_all.o)
spi_disable_tx_buffer_empty_interrupt             ../libopencm3//lib/libopencm3_stm32f4.a(spi_common_all.o)
spi_disable_tx_dma                                ../libopencm3//lib/libopencm3_stm32f4.a(spi_common_all.o)
spi_enable                                        ../libopencm3//lib/libopencm3_stm32f4.a(spi_common_all.o)
spi_enable_crc                                    ../libopencm3//lib/libopencm3_stm32f4.a(spi_common_all.o)
spi_enable_error_interrupt                        ../libopencm3//lib/libopencm3_stm32f4.a(spi_common_all.o)
spi_enable_rx_buffer_not_empty_interrupt          ../libopencm3//lib/libopencm3_stm32f4.a(spi_common_all.o)
spi_enable_rx_dma                                 ../libopencm3//lib/libopencm3_stm32f4.a(spi_common_all.o)
spi_enable_software_slave_management              ../libopencm3//lib/libopencm3_stm32f4.a(spi_common_all.o)
spi_enable_ss_output                              ../libopencm3//lib/libopencm3_stm32f4.a(spi_common_all.o)
spi_enable_tx_buffer_empty_interrupt              ../libopencm3//lib/libopencm3_stm32f4.a(spi_common_all.o)
spi_enable_tx_dma                                 ../libopencm3//lib/libopencm3_stm32f4.a(spi_common_all.o)
spi_read                                          ../libopencm3//lib/libopencm3_stm32f4.a(spi_common_all.o)
                                                  spi-mems.o
spi_send                                          ../libopencm3//lib/libopencm3_stm32f4.a(spi_common_all.o)
                                                  spi-mems.o
spi_send_lsb_first                                ../libopencm3//lib/libopencm3_stm32f4.a(spi_common_all.o)
spi_send_msb_first                                ../libopencm3//lib/libopencm3_stm32f4.a(spi_common_all.o)
spi_set_baudrate_prescaler                        ../libopencm3//lib/libopencm3_stm32f4.a(spi_common_all.o)
spi_set_bidirectional_mode                        ../libopencm3//lib/libopencm3_stm32f4.a(spi_common_all.o)
spi_set_bidirectional_receive_only_mode           ../libopencm3//lib/libopencm3_stm32f4.a(spi_common_all.o)
spi_set_bidirectional_transmit_only_mode          ../libopencm3//lib/libopencm3_stm32f4.a(spi_common_all.o)
spi_set_clock_phase_0                             ../libopencm3//lib/libopencm3_stm32f4.a(spi_common_all.o)
spi_set_clock_phase_1                             ../libopencm3//lib/libopencm3_stm32f4.a(spi_common_all.o)
spi_set_clock_polarity_0                          ../libopencm3//lib/libopencm3_stm32f4.a(spi_common_all.o)
spi_set_clock_polarity_1                          ../libopencm3//lib/libopencm3_stm32f4.a(spi_common_all.o)
spi_set_full_duplex_mode                          ../libopencm3//lib/libopencm3_stm32f4.a(spi_common_all.o)
spi_set_master_mode                               ../libopencm3//lib/libopencm3_stm32f4.a(spi_common_all.o)
spi_set_next_tx_from_buffer                       ../libopencm3//lib/libopencm3_stm32f4.a(spi_common_all.o)
spi_set_next_tx_from_crc                          ../libopencm3//lib/libopencm3_stm32f4.a(spi_common_all.o)
spi_set_nss_high                                  ../libopencm3//lib/libopencm3_stm32f4.a(spi_common_all.o)
spi_set_nss_low                                   ../libopencm3//lib/libopencm3_stm32f4.a(spi_common_all.o)
spi_set_receive_only_mode                         ../libopencm3//lib/libopencm3_stm32f4.a(spi_common_all.o)
spi_set_slave_mode                                ../libopencm3//lib/libopencm3_stm32f4.a(spi_common_all.o)
spi_set_standard_mode                             ../libopencm3//lib/libopencm3_stm32f4.a(spi_common_all.o)
spi_set_unidirectional_mode                       ../libopencm3//lib/libopencm3_stm32f4.a(spi_common_all.o)
spi_write                                         ../libopencm3//lib/libopencm3_stm32f4.a(spi_common_all.o)
spi_xfer                                          ../libopencm3//lib/libopencm3_stm32f4.a(spi_common_all.o)
sv_call_handler                                   ../libopencm3//lib/libopencm3_stm32f4.a(vector.o)
sys_tick_handler                                  clock.o
systick_clear                                     ../libopencm3//lib/libopencm3_stm32f4.a(systick.o)
systick_counter_disable                           ../libopencm3//lib/libopencm3_stm32f4.a(systick.o)
systick_counter_enable                            ../libopencm3//lib/libopencm3_stm32f4.a(systick.o)
                                                  clock.o
systick_get_calib                                 ../libopencm3//lib/libopencm3_stm32f4.a(systick.o)
systick_get_countflag                             ../libopencm3//lib/libopencm3_stm32f4.a(systick.o)
systick_get_reload                                ../libopencm3//lib/libopencm3_stm32f4.a(systick.o)
systick_get_value                                 ../libopencm3//lib/libopencm3_stm32f4.a(systick.o)
systick_interrupt_disable                         ../libopencm3//lib/libopencm3_stm32f4.a(systick.o)
systick_interrupt_enable                          ../libopencm3//lib/libopencm3_stm32f4.a(systick.o)
                                                  clock.o
systick_set_clocksource                           ../libopencm3//lib/libopencm3_stm32f4.a(systick.o)
                                                  clock.o
systick_set_frequency                             ../libopencm3//lib/libopencm3_stm32f4.a(systick.o)
systick_set_reload                                ../libopencm3//lib/libopencm3_stm32f4.a(systick.o)
                                                  clock.o
tamp_stamp_isr                                    ../libopencm3//lib/libopencm3_stm32f4.a(vector.o)
tim1_brk_tim9_isr                                 ../libopencm3//lib/libopencm3_stm32f4.a(vector.o)
tim1_cc_isr                                       ../libopencm3//lib/libopencm3_stm32f4.a(vector.o)
tim1_trg_com_tim11_isr                            ../libopencm3//lib/libopencm3_stm32f4.a(vector.o)
tim1_up_tim10_isr                                 ../libopencm3//lib/libopencm3_stm32f4.a(vector.o)
tim2_isr                                          ../libopencm3//lib/libopencm3_stm32f4.a(vector.o)
tim3_isr                                          ../libopencm3//lib/libopencm3_stm32f4.a(vector.o)
tim4_isr                                          ../libopencm3//lib/libopencm3_stm32f4.a(vector.o)
tim5_isr                                          ../libopencm3//lib/libopencm3_stm32f4.a(vector.o)
tim6_dac_isr                                      ../libopencm3//lib/libopencm3_stm32f4.a(vector.o)
tim7_isr                                          ../libopencm3//lib/libopencm3_stm32f4.a(vector.o)
tim8_brk_tim12_isr                                ../libopencm3//lib/libopencm3_stm32f4.a(vector.o)
tim8_cc_isr                                       ../libopencm3//lib/libopencm3_stm32f4.a(vector.o)
tim8_trg_com_tim14_isr                            ../libopencm3//lib/libopencm3_stm32f4.a(vector.o)
tim8_up_tim13_isr                                 ../libopencm3//lib/libopencm3_stm32f4.a(vector.o)
uart4_isr                                         ../libopencm3//lib/libopencm3_stm32f4.a(vector.o)
uart5_isr                                         ../libopencm3//lib/libopencm3_stm32f4.a(vector.o)
uart7_isr                                         ../libopencm3//lib/libopencm3_stm32f4.a(vector.o)
uart8_isr                                         ../libopencm3//lib/libopencm3_stm32f4.a(vector.o)
usage_fault_handler                               ../libopencm3//lib/libopencm3_stm32f4.a(vector.o)
usart1_isr                                        console.o
usart2_isr                                        ../libopencm3//lib/libopencm3_stm32f4.a(vector.o)
usart3_isr                                        ../libopencm3//lib/libopencm3_stm32f4.a(vector.o)
usart6_isr                                        ../libopencm3//lib/libopencm3_stm32f4.a(vector.o)
usart_disable                                     ../libopencm3//lib/libopencm3_stm32f4.a(usart_common_all.o)
usart_disable_error_interrupt                     ../libopencm3//lib/libopencm3_stm32f4.a(usart_common_all.o)
usart_disable_idle_interrupt                      ../libopencm3//lib/libopencm3_stm32f4.a(usart_common_all.o)
usart_disable_rx_dma                              ../libopencm3//lib/libopencm3_stm32f4.a(usart_common_all.o)
usart_disable_rx_interrupt                        ../libopencm3//lib/libopencm3_stm32f4.a(usart_common_all.o)
usart_disable_tx_complete_interrupt               ../libopencm3//lib/libopencm3_stm32f4.a(usart_common_all.o)
usart_disable_tx_dma                              ../libopencm3//lib/libopencm3_stm32f4.a(usart_common_all.o)
usart_disable_tx_interrupt                        ../libopencm3//lib/libopencm3_stm32f4.a(usart_common_all.o)
usart_enable                                      ../libopencm3//lib/libopencm3_stm32f4.a(usart_common_all.o)
                                                  console.o
usart_enable_error_interrupt                      ../libopencm3//lib/libopencm3_stm32f4.a(usart_common_all.o)
usart_enable_idle_interrupt                       ../libopencm3//lib/libopencm3_stm32f4.a(usart_common_all.o)
usart_enable_rx_dma                               ../libopencm3//lib/libopencm3_stm32f4.a(usart_common_all.o)
usart_enable_rx_interrupt                         ../libopencm3//lib/libopencm3_stm32f4.a(usart_common_all.o)
                                                  console.o
usart_enable_tx_complete_interrupt                ../libopencm3//lib/libopencm3_stm32f4.a(usart_common_all.o)
usart_enable_tx_dma                               ../libopencm3//lib/libopencm3_stm32f4.a(usart_common_all.o)
usart_enable_tx_interrupt                         ../libopencm3//lib/libopencm3_stm32f4.a(usart_common_all.o)
usart_get_databits                                ../libopencm3//lib/libopencm3_stm32f4.a(usart_common_all.o)
usart_get_flag                                    ../libopencm3//lib/libopencm3_stm32f4.a(usart_common_f124.o)
usart_get_parity                                  ../libopencm3//lib/libopencm3_stm32f4.a(usart_common_all.o)
usart_get_stopbits                                ../libopencm3//lib/libopencm3_stm32f4.a(usart_common_all.o)
usart_recv                                        ../libopencm3//lib/libopencm3_stm32f4.a(usart_common_f124.o)
                                                  ../libopencm3//lib/libopencm3_stm32f4.a(usart_common_all.o)
usart_recv_blocking                               ../libopencm3//lib/libopencm3_stm32f4.a(usart_common_all.o)
usart_send                                        ../libopencm3//lib/libopencm3_stm32f4.a(usart_common_f124.o)
                                                  ../libopencm3//lib/libopencm3_stm32f4.a(usart_common_all.o)
usart_send_blocking                               ../libopencm3//lib/libopencm3_stm32f4.a(usart_common_all.o)
usart_set_baudrate                                ../libopencm3//lib/libopencm3_stm32f4.a(usart_common_all.o)
                                                  console.o
usart_set_databits                                ../libopencm3//lib/libopencm3_stm32f4.a(usart_common_all.o)
                                                  console.o
usart_set_flow_control                            ../libopencm3//lib/libopencm3_stm32f4.a(usart_common_all.o)
                                                  console.o
usart_set_mode                                    ../libopencm3//lib/libopencm3_stm32f4.a(usart_common_all.o)
                                                  console.o
usart_set_parity                                  ../libopencm3//lib/libopencm3_stm32f4.a(usart_common_all.o)
                                                  console.o
usart_set_stopbits                                ../libopencm3//lib/libopencm3_stm32f4.a(usart_common_all.o)
                                                  console.o
usart_wait_recv_ready                             ../libopencm3//lib/libopencm3_stm32f4.a(usart_common_f124.o)
                                                  ../libopencm3//lib/libopencm3_stm32f4.a(usart_common_all.o)
usart_wait_send_ready                             ../libopencm3//lib/libopencm3_stm32f4.a(usart_common_f124.o)
                                                  ../libopencm3//lib/libopencm3_stm32f4.a(usart_common_all.o)
usb_fs_wkup_isr                                   ../libopencm3//lib/libopencm3_stm32f4.a(vector.o)
vector_table                                      ../libopencm3//lib/libopencm3_stm32f4.a(vector.o)
write_reg                                         spi-mems.o
